2025-04-03T00:00:00Z ERROR Test error message
2025-04-03T00:00:00Z INFO Test info message
